n/random_499.jpg
n/random_498.jpg
n/random_497.jpg
n/random_496.jpg
n/random_495.jpg
n/random_494.jpg
n/random_493.jpg
n/random_492.jpg
n/random_491.jpg
n/random_490.jpg
n/random_489.jpg
n/random_488.jpg
n/random_487.jpg
n/random_486.jpg
n/random_485.jpg
n/random_484.jpg
n/random_483.jpg
n/random_482.jpg
n/random_481.jpg
n/random_480.jpg
n/random_479.jpg
n/random_478.jpg
n/random_477.jpg
n/random_476.jpg
n/random_475.jpg
n/random_474.jpg
n/random_473.jpg
n/random_472.jpg
n/random_471.jpg
n/random_470.jpg
n/random_469.jpg
n/random_468.jpg
n/random_467.jpg
n/random_466.jpg
n/random_465.jpg
n/random_464.jpg
n/random_463.jpg
n/random_462.jpg
n/random_461.jpg
n/random_460.jpg
n/random_459.jpg
n/random_458.jpg
n/random_457.jpg
n/random_456.jpg
n/random_455.jpg
n/random_454.jpg
n/random_453.jpg
n/random_452.jpg
n/random_451.jpg
n/random_450.jpg
n/random_449.jpg
n/random_448.jpg
n/random_447.jpg
n/random_446.jpg
n/random_445.jpg
n/random_444.jpg
n/random_443.jpg
n/random_442.jpg
n/random_441.jpg
n/random_440.jpg
n/random_439.jpg
n/random_438.jpg
n/random_437.jpg
n/random_436.jpg
n/random_435.jpg
n/random_434.jpg
n/random_433.jpg
n/random_432.jpg
n/random_431.jpg
n/random_430.jpg
n/random_429.jpg
n/random_428.jpg
n/random_427.jpg
n/random_426.jpg
n/random_425.jpg
n/random_424.jpg
n/random_423.jpg
n/random_422.jpg
n/random_421.jpg
n/random_420.jpg
n/random_419.jpg
n/random_418.jpg
n/random_417.jpg
n/random_416.jpg
n/random_415.jpg
n/random_414.jpg
n/random_413.jpg
n/random_412.jpg
n/random_411.jpg
n/random_410.jpg
n/random_409.jpg
n/random_408.jpg
n/random_407.jpg
n/random_406.jpg
n/random_405.jpg
n/random_404.jpg
n/random_403.jpg
n/random_402.jpg
n/random_401.jpg
n/random_400.jpg
n/random_399.jpg
n/random_398.jpg
n/random_397.jpg
n/random_396.jpg
n/random_395.jpg
n/random_394.jpg
n/random_393.jpg
n/random_392.jpg
n/random_391.jpg
n/random_390.jpg
n/random_389.jpg
n/random_388.jpg
n/random_387.jpg
n/random_386.jpg
n/random_385.jpg
n/random_384.jpg
n/random_383.jpg
n/random_382.jpg
n/random_381.jpg
n/random_380.jpg
n/random_379.jpg
n/random_378.jpg
n/random_377.jpg
n/random_376.jpg
n/random_375.jpg
n/random_374.jpg
n/random_373.jpg
n/random_372.jpg
n/random_371.jpg
n/random_370.jpg
n/random_369.jpg
n/random_368.jpg
n/random_367.jpg
n/random_366.jpg
n/random_365.jpg
n/random_364.jpg
n/random_363.jpg
n/random_362.jpg
n/random_361.jpg
n/random_360.jpg
n/random_359.jpg
n/random_358.jpg
n/random_357.jpg
n/random_356.jpg
n/random_355.jpg
n/random_354.jpg
n/random_353.jpg
n/random_352.jpg
n/random_351.jpg
n/random_350.jpg
n/random_349.jpg
n/random_348.jpg
n/random_347.jpg
n/random_346.jpg
n/random_345.jpg
n/random_344.jpg
n/random_343.jpg
n/random_342.jpg
n/random_341.jpg
n/random_340.jpg
n/random_339.jpg
n/random_338.jpg
n/random_337.jpg
n/random_336.jpg
n/random_335.jpg
n/random_334.jpg
n/random_333.jpg
n/random_332.jpg
n/random_331.jpg
n/random_330.jpg
n/random_329.jpg
n/random_328.jpg
n/random_327.jpg
n/random_326.jpg
n/random_325.jpg
n/random_324.jpg
n/random_323.jpg
n/random_322.jpg
n/random_321.jpg
n/random_320.jpg
n/random_319.jpg
n/random_318.jpg
n/random_317.jpg
n/random_316.jpg
n/random_315.jpg
n/random_314.jpg
n/random_313.jpg
n/random_312.jpg
n/random_311.jpg
n/random_310.jpg
n/random_309.jpg
n/random_308.jpg
n/random_307.jpg
n/random_306.jpg
n/random_305.jpg
n/random_304.jpg
n/random_303.jpg
n/random_302.jpg
n/random_301.jpg
n/random_300.jpg
n/random_299.jpg
n/random_298.jpg
n/random_297.jpg
n/random_296.jpg
n/random_295.jpg
n/random_294.jpg
n/random_293.jpg
n/random_292.jpg
n/random_291.jpg
n/random_290.jpg
n/random_289.jpg
n/random_288.jpg
n/random_287.jpg
n/random_286.jpg
n/random_285.jpg
n/random_284.jpg
n/random_283.jpg
n/random_282.jpg
n/random_281.jpg
n/random_280.jpg
n/random_279.jpg
n/random_278.jpg
n/random_277.jpg
n/random_276.jpg
n/random_275.jpg
n/random_274.jpg
n/random_273.jpg
n/random_272.jpg
n/random_271.jpg
n/random_270.jpg
n/random_269.jpg
n/random_268.jpg
n/random_267.jpg
n/random_266.jpg
n/random_265.jpg
n/random_264.jpg
n/random_263.jpg
n/random_262.jpg
n/random_261.jpg
n/random_260.jpg
n/random_259.jpg
n/random_258.jpg
n/random_257.jpg
n/random_256.jpg
n/random_255.jpg
n/random_254.jpg
n/random_253.jpg
n/random_252.jpg
n/random_251.jpg
n/random_250.jpg
n/random_249.jpg
n/random_248.jpg
n/random_247.jpg
n/random_246.jpg
n/random_245.jpg
n/random_244.jpg
n/random_243.jpg
n/random_242.jpg
n/random_241.jpg
n/random_240.jpg
n/random_239.jpg
n/random_238.jpg
n/random_237.jpg
n/random_236.jpg
n/random_235.jpg
n/random_234.jpg
n/random_233.jpg
n/random_232.jpg
n/random_231.jpg
n/random_230.jpg
n/random_229.jpg
n/random_228.jpg
n/random_227.jpg
n/random_226.jpg
n/random_225.jpg
n/random_224.jpg
n/random_223.jpg
n/random_222.jpg
n/random_221.jpg
n/random_220.jpg
n/random_219.jpg
n/random_218.jpg
n/random_217.jpg
n/random_216.jpg
n/random_215.jpg
n/random_214.jpg
n/random_213.jpg
n/random_212.jpg
n/random_211.jpg
n/random_210.jpg
n/random_209.jpg
n/random_208.jpg
n/random_207.jpg
n/random_206.jpg
n/random_205.jpg
n/random_204.jpg
n/random_203.jpg
n/random_202.jpg
n/random_201.jpg
n/random_200.jpg
n/random_199.jpg
n/random_198.jpg
n/random_197.jpg
n/random_196.jpg
n/random_195.jpg
n/random_194.jpg
n/random_193.jpg
n/random_192.jpg
n/random_191.jpg
n/random_190.jpg
n/random_189.jpg
n/random_188.jpg
n/random_187.jpg
n/random_186.jpg
n/random_185.jpg
n/random_184.jpg
n/random_183.jpg
n/random_182.jpg
n/random_181.jpg
n/random_180.jpg
n/random_179.jpg
n/random_178.jpg
n/random_177.jpg
n/random_176.jpg
n/random_175.jpg
n/random_174.jpg
n/random_173.jpg
n/random_172.jpg
n/random_171.jpg
n/random_170.jpg
n/random_169.jpg
n/random_168.jpg
n/random_167.jpg
n/random_166.jpg
n/random_165.jpg
n/random_164.jpg
n/random_163.jpg
n/random_162.jpg
n/random_161.jpg
n/random_160.jpg
n/random_159.jpg
n/random_158.jpg
n/random_157.jpg
n/random_156.jpg
n/random_155.jpg
n/random_154.jpg
n/random_153.jpg
n/random_152.jpg
n/random_151.jpg
n/random_150.jpg
n/random_149.jpg
n/random_148.jpg
n/random_147.jpg
n/random_146.jpg
n/random_145.jpg
n/random_144.jpg
n/random_143.jpg
n/random_142.jpg
n/random_141.jpg
n/random_140.jpg
n/random_139.jpg
n/random_138.jpg
n/random_137.jpg
n/random_136.jpg
n/random_135.jpg
n/random_134.jpg
n/random_133.jpg
n/random_132.jpg
n/random_131.jpg
n/random_130.jpg
n/random_129.jpg
n/random_128.jpg
n/random_127.jpg
n/random_126.jpg
n/random_125.jpg
n/random_124.jpg
n/random_123.jpg
n/random_122.jpg
n/random_121.jpg
n/random_120.jpg
n/random_119.jpg
n/random_118.jpg
n/random_117.jpg
n/random_116.jpg
n/random_115.jpg
n/random_114.jpg
n/random_113.jpg
n/random_112.jpg
n/random_111.jpg
n/random_110.jpg
n/random_109.jpg
n/random_108.jpg
n/random_107.jpg
n/random_106.jpg
n/random_105.jpg
n/random_104.jpg
n/random_103.jpg
n/random_102.jpg
n/random_101.jpg
n/random_100.jpg
n/random_99.jpg
n/random_98.jpg
n/random_97.jpg
n/random_96.jpg
n/random_95.jpg
n/random_94.jpg
n/random_93.jpg
n/random_92.jpg
n/random_91.jpg
n/random_90.jpg
n/random_89.jpg
n/random_88.jpg
n/random_87.jpg
n/random_86.jpg
n/random_85.jpg
n/random_84.jpg
n/random_83.jpg
n/random_82.jpg
n/random_81.jpg
n/random_80.jpg
n/random_79.jpg
n/random_78.jpg
n/random_77.jpg
n/random_76.jpg
n/random_75.jpg
n/random_74.jpg
n/random_73.jpg
n/random_72.jpg
n/random_71.jpg
n/random_70.jpg
n/random_69.jpg
n/random_68.jpg
n/random_67.jpg
n/random_66.jpg
n/random_65.jpg
n/random_64.jpg
n/random_63.jpg
n/random_62.jpg
n/random_61.jpg
n/random_60.jpg
n/random_59.jpg
n/random_58.jpg
n/random_57.jpg
n/random_56.jpg
n/random_55.jpg
n/random_54.jpg
n/random_53.jpg
n/random_52.jpg
n/random_51.jpg
n/random_50.jpg
n/random_49.jpg
n/random_48.jpg
n/random_47.jpg
n/random_46.jpg
n/random_45.jpg
n/random_44.jpg
n/random_43.jpg
n/random_42.jpg
n/random_41.jpg
n/random_40.jpg
n/random_39.jpg
n/random_38.jpg
n/random_37.jpg
n/random_36.jpg
n/random_35.jpg
n/random_34.jpg
n/random_33.jpg
n/random_32.jpg
n/random_31.jpg
n/random_30.jpg
n/random_29.jpg
n/random_28.jpg
n/random_27.jpg
n/random_26.jpg
n/random_25.jpg
n/random_24.jpg
n/random_23.jpg
n/random_22.jpg
n/random_21.jpg
n/random_20.jpg
n/random_19.jpg
n/random_18.jpg
n/random_17.jpg
n/random_16.jpg
n/random_15.jpg
n/random_14.jpg
n/random_13.jpg
n/random_12.jpg
n/random_11.jpg
n/random_10.jpg
n/random_9.jpg
n/random_8.jpg
n/random_7.jpg
n/random_6.jpg
n/random_5.jpg
n/random_4.jpg
n/random_3.jpg
n/random_2.jpg
n/random_1.jpg
n/random_0.jpg